[Tue Jan 20 18:16:03 2026] PHP 8.2.30 Development Server (http://localhost:8080) started
[Tue Jan 20 18:16:06 2026] [::1]:55525 Accepted
[Tue Jan 20 18:16:06 2026] [::1]:55525 [200]: GET /
[Tue Jan 20 18:16:06 2026] [::1]:55525 Closing
[Tue Jan 20 18:16:06 2026] [::1]:52345 Accepted
[Tue Jan 20 18:16:06 2026] [::1]:52345 Closed without sending a request; it was probably just an unused speculative preconnection
[Tue Jan 20 18:16:06 2026] [::1]:52345 Closing
[Tue Jan 20 18:16:06 2026] [::1]:59158 Accepted
[Tue Jan 20 18:16:06 2026] [::1]:59158 [200]: GET /public/logo.svg
[Tue Jan 20 18:16:06 2026] [::1]:59158 Closing
[Tue Jan 20 18:16:06 2026] [::1]:64707 Accepted
[Tue Jan 20 18:16:06 2026] [::1]:64707 [404]: GET /favicon.ico - No such file or directory
[Tue Jan 20 18:16:06 2026] [::1]:64707 Closing
[Tue Jan 20 18:16:57 2026] [::1]:60483 Accepted
[Tue Jan 20 18:16:57 2026] [::1]:60483 [200]: GET /index.php?c=productoPadre&a=index
[Tue Jan 20 18:16:57 2026] [::1]:60483 Closing
[Tue Jan 20 18:16:57 2026] [::1]:57034 Accepted
[Tue Jan 20 18:16:57 2026] [::1]:57034 [200]: GET /public/logo.svg
[Tue Jan 20 18:16:57 2026] [::1]:57034 Closing
[Tue Jan 20 18:16:58 2026] [::1]:63991 Accepted
[Tue Jan 20 18:16:58 2026] [::1]:63991 [200]: GET /index.php?c=variedad&a=index
[Tue Jan 20 18:16:58 2026] [::1]:63991 Closing
[Tue Jan 20 18:16:58 2026] [::1]:50704 Accepted
[Tue Jan 20 18:16:58 2026] [::1]:50704 [200]: GET /public/logo.svg
[Tue Jan 20 18:16:58 2026] [::1]:50704 Closing
[Tue Jan 20 18:17:00 2026] [::1]:56850 Accepted
[Tue Jan 20 18:17:00 2026] [::1]:56850 [200]: GET /index.php?c=venta&a=index
[Tue Jan 20 18:17:00 2026] [::1]:56850 Closing
[Tue Jan 20 18:17:00 2026] [::1]:55835 Accepted
[Tue Jan 20 18:17:00 2026] [::1]:55835 [200]: GET /public/logo.svg
[Tue Jan 20 18:17:00 2026] [::1]:55835 Closing
[Tue Jan 20 18:17:12 2026] [::1]:62155 Accepted
[Tue Jan 20 18:17:12 2026] [::1]:62155 [200]: GET /index.php?c=venta&a=index&fecha_desde=2026-01-01&fecha_hasta=2026-01-31&pagina=2
[Tue Jan 20 18:17:12 2026] [::1]:62155 Closing
[Tue Jan 20 18:17:12 2026] [::1]:64343 Accepted
[Tue Jan 20 18:17:12 2026] [::1]:64343 [200]: GET /public/logo.svg
[Tue Jan 20 18:17:12 2026] [::1]:64343 Closing
[Tue Jan 20 18:17:14 2026] [::1]:55126 Accepted
[Tue Jan 20 18:17:14 2026] [::1]:55126 [200]: GET /index.php?c=venta&a=index&fecha_desde=2026-01-01&fecha_hasta=2026-01-31&pagina=1
[Tue Jan 20 18:17:14 2026] [::1]:55126 Closing
[Tue Jan 20 18:17:14 2026] [::1]:54446 Accepted
[Tue Jan 20 18:17:14 2026] [::1]:54446 [200]: GET /public/logo.svg
[Tue Jan 20 18:17:14 2026] [::1]:54446 Closing
[Tue Jan 20 18:17:17 2026] [::1]:58313 Accepted
[Tue Jan 20 18:17:17 2026] [::1]:62265 Accepted
[Tue Jan 20 18:17:17 2026] [::1]:58313 [200]: GET /index.php?c=venta&a=index&fecha_desde=2026-01-01&fecha_hasta=2026-01-31&por_pagina=20
[Tue Jan 20 18:17:17 2026] [::1]:58313 Closing
[Tue Jan 20 18:17:17 2026] [::1]:62265 [200]: GET /public/logo.svg
[Tue Jan 20 18:17:17 2026] [::1]:62265 Closing
[Tue Jan 20 18:17:21 2026] [::1]:63827 Accepted
[Tue Jan 20 18:17:21 2026] [::1]:63827 [200]: GET /index.php?c=venta&a=index&fecha_desde=2026-01-01&fecha_hasta=2026-01-31&por_pagina=5
[Tue Jan 20 18:17:21 2026] [::1]:63827 Closing
[Tue Jan 20 18:17:21 2026] [::1]:49346 Accepted
[Tue Jan 20 18:17:21 2026] [::1]:49346 [200]: GET /public/logo.svg
[Tue Jan 20 18:17:21 2026] [::1]:49346 Closing
[Tue Jan 20 18:17:33 2026] [::1]:57518 Accepted
[Tue Jan 20 18:17:33 2026] [::1]:57518 [200]: GET /index.php?c=venta&a=index&fecha_desde=2026-01-01&fecha_hasta=2026-01-31&metodo_pago=&estado=preventa
[Tue Jan 20 18:17:33 2026] [::1]:57518 Closing
[Tue Jan 20 18:17:33 2026] [::1]:64443 Accepted
[Tue Jan 20 18:17:33 2026] [::1]:64443 [200]: GET /public/logo.svg
[Tue Jan 20 18:17:33 2026] [::1]:64443 Closing
[Tue Jan 20 18:17:37 2026] [::1]:54187 Accepted
[Tue Jan 20 18:17:37 2026] [::1]:54187 [200]: GET /index.php?c=venta&a=index&fecha_desde=2026-01-01&fecha_hasta=2026-01-31&metodo_pago=&estado=cancelada
[Tue Jan 20 18:17:37 2026] [::1]:54187 Closing
[Tue Jan 20 18:17:37 2026] [::1]:58620 Accepted
[Tue Jan 20 18:17:37 2026] [::1]:58620 [200]: GET /public/logo.svg
[Tue Jan 20 18:17:37 2026] [::1]:58620 Closing
[Tue Jan 20 18:17:42 2026] [::1]:60687 Accepted
[Tue Jan 20 18:17:42 2026] [::1]:60687 [200]: GET /index.php?c=venta&a=index&fecha_desde=2026-01-01&fecha_hasta=2026-01-31&metodo_pago=&estado=
[Tue Jan 20 18:17:42 2026] [::1]:60687 Closing
[Tue Jan 20 18:17:42 2026] [::1]:62823 Accepted
[Tue Jan 20 18:17:42 2026] [::1]:62823 [200]: GET /public/logo.svg
[Tue Jan 20 18:17:42 2026] [::1]:62823 Closing
[Tue Jan 20 18:17:50 2026] [::1]:51186 Accepted
[Tue Jan 20 18:17:50 2026] [::1]:51186 [200]: GET /index.php?c=variedad&a=index
[Tue Jan 20 18:17:50 2026] [::1]:51186 Closing
[Tue Jan 20 18:17:50 2026] [::1]:63622 Accepted
[Tue Jan 20 18:17:50 2026] [::1]:63622 [200]: GET /public/logo.svg
[Tue Jan 20 18:17:50 2026] [::1]:63622 Closing
[Tue Jan 20 18:18:14 2026] [::1]:62335 Accepted
[Tue Jan 20 18:18:15 2026] [::1]:62335 [200]: GET /index.php?c=venta&a=index
[Tue Jan 20 18:18:15 2026] [::1]:62335 Closing
[Tue Jan 20 18:18:15 2026] [::1]:62937 Accepted
[Tue Jan 20 18:18:15 2026] [::1]:62937 [200]: GET /public/logo.svg
[Tue Jan 20 18:18:15 2026] [::1]:62937 Closing
[Tue Jan 20 18:18:15 2026] [::1]:63463 Accepted
[Tue Jan 20 18:18:16 2026] [::1]:53302 Accepted
[Tue Jan 20 18:18:16 2026] [::1]:63463 [200]: GET /index.php?c=venta&a=nueva
[Tue Jan 20 18:18:16 2026] [::1]:63463 Closing
[Tue Jan 20 18:18:16 2026] [::1]:53302 [200]: GET /public/logo.svg
[Tue Jan 20 18:18:16 2026] [::1]:53302 Closing
[Tue Jan 20 18:18:23 2026] [::1]:49670 Accepted
[Tue Jan 20 18:18:23 2026] [::1]:49670 [200]: GET /index.php?c=productoPadre&a=index
[Tue Jan 20 18:18:23 2026] [::1]:49670 Closing
[Tue Jan 20 18:18:23 2026] [::1]:49671 Accepted
[Tue Jan 20 18:18:23 2026] [::1]:49671 [200]: GET /public/logo.svg
[Tue Jan 20 18:18:23 2026] [::1]:49671 Closing
[Tue Jan 20 18:18:25 2026] [::1]:54522 Accepted
[Tue Jan 20 18:18:25 2026] [::1]:54522 [200]: GET /index.php?c=variedad&a=index
[Tue Jan 20 18:18:25 2026] [::1]:54522 Closing
[Tue Jan 20 18:18:25 2026] [::1]:51437 Accepted
[Tue Jan 20 18:18:25 2026] [::1]:51437 [200]: GET /public/logo.svg
[Tue Jan 20 18:18:25 2026] [::1]:51437 Closing
[Tue Jan 20 18:18:34 2026] [::1]:49670 Accepted
[Tue Jan 20 18:18:35 2026] [::1]:60529 Accepted
[Tue Jan 20 18:18:35 2026] [::1]:49670 [200]: GET /index.php?c=egreso&a=index
[Tue Jan 20 18:18:35 2026] [::1]:49670 Closing
[Tue Jan 20 18:18:35 2026] [::1]:60529 [200]: GET /public/logo.svg
[Tue Jan 20 18:18:35 2026] [::1]:60529 Closing
[Tue Jan 20 18:20:30 2026] [::1]:51614 Accepted
[Tue Jan 20 18:20:30 2026] [::1]:51614 [200]: GET /index.php?c=productoPadre&a=index
[Tue Jan 20 18:20:30 2026] [::1]:51614 Closing
[Tue Jan 20 18:20:30 2026] [::1]:64749 Accepted
[Tue Jan 20 18:20:30 2026] [::1]:64749 [200]: GET /public/logo.svg
[Tue Jan 20 18:20:30 2026] [::1]:64749 Closing
